// Jest Snapshot v1, https://goo.gl/fbAQLP

exports[`renders correctly 1`] = `
Array [
  <nav
    className="navBar navbar navbar-expand-lg navbar-light fixed-top"
  >
    <span
      className="navbar-brand"
      style={
        Object {
          "color": "white",
        }
      }
    >
      <img
        alt="group up logo"
        className="logoImage"
        href="/home"
        onClick={[Function]}
        src="https://i.imgur.com/w92t1xH.png"
      />
    </span>
    <button
      aria-controls="basic-navbar-nav"
      aria-label="Toggle navigation"
      className="navbar-toggler collapsed"
      onClick={[Function]}
      type="button"
    >
      <span
        className="navbar-toggler-icon"
      />
    </button>
    <div
      aria-expanded={null}
      className="navbar-collapse collapse"
    >
      <div
        className="mr=auto navbar-nav"
        onKeyDown={[Function]}
      >
        <a
          className="nav-link"
          data-rb-event-key="/home"
          href="/home"
          onClick={[Function]}
          onKeyDown={[Function]}
          style={
            Object {
              "color": "rgb(238, 237, 237)",
            }
          }
        >
          Home
          <img
            alt="drop down arrow"
            className="processImage"
            src="/right-caret.svg"
          />
        </a>
        <a
          className="nav-link"
          data-rb-event-key="/selection"
          href="/selection"
          onClick={[Function]}
          onKeyDown={[Function]}
          style={
            Object {
              "color": "rgb(238, 237, 237)",
            }
          }
        >
          Select Hackathon
          <img
            alt="drop down arrow"
            className="processImage"
            src="/right-caret.svg"
          />
        </a>
        <a
          className="nav-link"
          data-rb-event-key="/listing/NaN"
          href="/listing/NaN"
          onClick={[Function]}
          onKeyDown={[Function]}
          style={
            Object {
              "color": "rgb(238, 237, 237)",
            }
          }
        >
          Group Listings
          <img
            alt="drop down arrow"
            className="processImage"
            src="/right-caret.svg"
          />
        </a>
        <span
          className="navbar-brand"
          style={
            Object {
              "color": "rgb(238, 237, 237)",
            }
          }
        >
          Join a group
        </span>
      </div>
      <div
        className="ms-auto navbar-nav"
        onKeyDown={[Function]}
      >
        <a
          className="ml-auto navHelp navbar-brand"
          href="/help"
          id="collasible-nav-dropdown"
          onClick={[Function]}
          title="Help"
        >
          <img
            alt="help"
            className="splitterImage"
            src="/info-circle.svg"
          />
        </a>
      </div>
    </div>
  </nav>,
  <h1>
    
    's Group
  </h1>,
  <div>
    1 members needed.
  </div>,
  <table
    className="table table-sm table-striped table-bordered table-hover"
  >
    <thead>
      <tr>
        <th>
          Requirement
        </th>
        <th>
          Needed
        </th>
      </tr>
    </thead>
    <tbody />
  </table>,
  <div
    className="list-group-item list-group-item-dark"
    disabled={false}
    onClick={[Function]}
  >
    Other Members:
  </div>,
  <div
    className="list-group list-group-flush"
    onKeyDown={[Function]}
  />,
  "",
  <button
    className="btn btn-primary"
    disabled={false}
    onClick={[Function]}
    type="button"
  >
    Go Back
  </button>,
  <button
    className="btn btn-primary"
    disabled={false}
    onClick={[Function]}
    type="button"
  >
    Contact Leader
  </button>,
  <button
    className="btn btn-primary"
    disabled={false}
    onClick={[Function]}
    type="button"
  >
    Join Group
  </button>,
]
`;
