// Jest Snapshot v1, https://goo.gl/fbAQLP

exports[`renders correctly 1`] = `
<div>
  <nav
    className="navBar navbar navbar-expand-lg navbar-light fixed-top"
  >
    <span
      className="navbar-brand"
      style={
        Object {
          "color": "white",
        }
      }
    >
      <img
        alt="group up logo"
        className="logoImage"
        href="/home"
        onClick={[Function]}
        src="https://i.imgur.com/w92t1xH.png"
      />
    </span>
    <button
      aria-controls="basic-navbar-nav"
      aria-label="Toggle navigation"
      className="navbar-toggler collapsed"
      onClick={[Function]}
      type="button"
    >
      <span
        className="navbar-toggler-icon"
      />
    </button>
    <div
      aria-expanded={null}
      className="navbar-collapse collapse"
    >
      <div
        className="mr=auto navbar-nav"
        onKeyDown={[Function]}
      >
        <span
          className="navbar-brand"
          style={
            Object {
              "color": "rgb(238, 237, 237)",
            }
          }
        >
           
        </span>
        <a
          className="nav-link"
          data-rb-event-key="/home"
          href="/home"
          onClick={[Function]}
          onKeyDown={[Function]}
          style={
            Object {
              "color": "rgb(238, 237, 237)",
            }
          }
        >
          Home
          <img
            alt="drop down arrow"
            className="processImage"
            src="/right-caret.svg"
          />
        </a>
        <span
          className="navbar-brand"
          style={
            Object {
              "color": "rgb(238, 237, 237)",
            }
          }
        >
          Select Hackathon
        </span>
      </div>
      <div
        className="ms-auto navbar-nav"
        onKeyDown={[Function]}
      >
        <a
          className="ml-auto navHelp navbar-brand"
          href="/help"
          id="collasible-nav-dropdown"
          onClick={[Function]}
          title="Help"
        >
          <img
            alt="help"
            className="splitterImage"
            src="/info-circle.svg"
          />
        </a>
      </div>
    </div>
  </nav>
  <h1>
    List of Competitions Available
  </h1>
  <table
    className="table table-sm table-striped table-bordered table-hover"
  >
    <thead>
      <tr>
        <th>
          Hackathon Name
        </th>
        <th>
          Description
        </th>
        <th>
          Start Date
        </th>
        <th>
          Length (hours)
        </th>
        <th>
          Link
        </th>
      </tr>
    </thead>
    <tbody />
  </table>
  <a
    className="advertBtn btn btn-primary"
    href="/createHackathon"
    onClick={[Function]}
    onKeyDown={[Function]}
  >
    Add my Hackathon
  </a>
</div>
`;
